[www.hyperframe.com/index.html]
[backblue.gif]
[fade.gif]
[index.html]
[www.google-analytics.com/analytics.js]
[www.hyperframe.com/assets/img/favicon-256.png]
[www.hyperframe.com/css/home/homec43a.css]
[www.hyperframe.com/assets/img/sequence/00-intro-mobile/Section1_00001.jpg]
[www.hyperframe.com/about/index.html]
[www.hyperframe.com/assets/img/sequence/00-intro-mobile/Section1_00002.jpg]
[www.hyperframe.com/installation/index.html]
[www.hyperframe.com/assets/img/sequence/00-intro-mobile/Section1_00003.jpg]
[www.hyperframe.com/assets/img/sequence/00-intro-mobile/Section1_00004.jpg]
[www.hyperframe.com/assets/img/sequence/00-intro-mobile/Section1_00005.jpg]
[www.hyperframe.com/assets/img/sequence/00-intro-mobile/Section1_00006.jpg]
[www.hyperframe.com/assets/img/sequence/00-intro-mobile/Section1_00007.jpg]
[www.hyperframe.com/assets/img/sequence/00-intro-mobile/Section1_00008.jpg]
[www.hyperframe.com/assets/img/sequence/00-intro-mobile/Section1_00009.jpg]
[www.hyperframe.com/assets/img/sequence/00-intro-mobile/Section1_00010.jpg]
[www.hyperframe.com/assets/img/sequence/00-intro-mobile/Section1_00011.jpg]
[www.hyperframe.com/assets/img/sequence/00-intro-mobile/Section1_00012.jpg]
[www.hyperframe.com/assets/img/sequence/00-intro-mobile/Section1_00013.jpg]
[www.hyperframe.com/assets/img/sequence/00-intro-mobile/Section1_00014.jpg]
[www.hyperframe.com/assets/img/sequence/00-intro-mobile/Section1_00015.jpg]
[www.hyperframe.com/assets/img/sequence/00-intro-mobile/Section1_00016.jpg]
[www.hyperframe.com/assets/img/sequence/00-intro-mobile/Section1_00017.jpg]
[www.hyperframe.com/assets/img/sequence/00-intro-mobile/Section1_00018.jpg]
[www.hyperframe.com/assets/img/sequence/00-intro-mobile/Section1_00019.jpg]
[www.hyperframe.com/assets/img/sequence/00-intro-mobile/Section1_00020.jpg]
[www.hyperframe.com/assets/img/sequence/00-intro-mobile/Section1_00021.jpg]
[www.hyperframe.com/assets/img/sequence/00-intro-mobile/Section1_00022.jpg]
[www.hyperframe.com/assets/img/sequence/00-intro-mobile/Section1_00023.jpg]
[www.hyperframe.com/assets/img/sequence/00-intro-mobile/Section1_00024.jpg]
[www.hyperframe.com/assets/img/sequence/00-intro-mobile/Section1_00025.jpg]
[www.hyperframe.com/assets/img/sequence/00-intro-mobile/Section1_00026.jpg]
[www.hyperframe.com/assets/img/sequence/00-intro-mobile/Section1_00027.jpg]
[www.hyperframe.com/assets/img/sequence/00-intro-mobile/Section1_00028.jpg]
[www.hyperframe.com/assets/img/sequence/00-intro-mobile/Section1_00029.jpg]
[www.hyperframe.com/assets/img/sequence/00-intro-mobile/Section1_00030.jpg]
[www.hyperframe.com/assets/img/sequence/00-intro-mobile/Section1_00031.jpg]
[www.hyperframe.com/assets/img/sequence/00-intro-mobile/Section1_00032.jpg]
[www.hyperframe.com/assets/img/sequence/00-intro-mobile/Section1_00033.jpg]
[www.hyperframe.com/assets/img/sequence/00-intro-mobile/Section1_00034.jpg]
[www.hyperframe.com/assets/img/sequence/00-intro-mobile/Section1_00035.jpg]
[www.hyperframe.com/assets/img/sequence/00-intro-mobile/Section1_00036.jpg]
[www.hyperframe.com/assets/img/sequence/00-intro-mobile/Section1_00037.jpg]
[www.hyperframe.com/assets/img/sequence/00-intro-mobile/Section1_00038.jpg]
[www.hyperframe.com/assets/img/sequence/00-intro-mobile/Section1_00039.jpg]
[www.hyperframe.com/assets/img/sequence/00-intro-mobile/Section1_00040.jpg]
[www.hyperframe.com/assets/img/sequence/00-intro-mobile/Section1_00041.jpg]
[www.hyperframe.com/assets/img/sequence/00-intro-mobile/Section1_00042.jpg]
[www.hyperframe.com/assets/img/sequence/00-intro-mobile/Section1_00043.jpg]
[www.hyperframe.com/assets/img/sequence/00-intro-mobile/Section1_00044.jpg]
[www.hyperframe.com/assets/img/sequence/00-intro-mobile/Section1_00045.jpg]
[www.hyperframe.com/assets/img/sequence/00-intro-mobile/Section1_00046.jpg]
[www.hyperframe.com/assets/img/sequence/00-intro-mobile/Section1_00047.jpg]
[www.hyperframe.com/assets/img/sequence/00-intro-mobile/Section1_00048.jpg]
[www.hyperframe.com/assets/img/sequence/00-intro-mobile/Section1_00049.jpg]
[www.hyperframe.com/assets/img/sequence/00-intro-mobile/Section1_00050.jpg]
[www.hyperframe.com/assets/img/sequence/00-intro-mobile/Section1_00051.jpg]
[www.hyperframe.com/assets/img/sequence/00-intro-mobile/Section1_00052.jpg]
[www.hyperframe.com/assets/img/sequence/00-intro-mobile/Section1_00053.jpg]
[www.hyperframe.com/assets/img/sequence/00-intro-mobile/Section1_00054.jpg]
[www.hyperframe.com/assets/img/sequence/00-intro-mobile/Section1_00055.jpg]
[www.hyperframe.com/assets/img/sequence/00-intro-mobile/Section1_00056.jpg]
[www.hyperframe.com/assets/img/sequence/00-intro-mobile/Section1_00057.jpg]
[www.hyperframe.com/assets/img/sequence/00-intro-mobile/Section1_00058.jpg]
[www.hyperframe.com/assets/img/sequence/00-intro-mobile/Section1_00059.jpg]
[www.hyperframe.com/assets/img/sequence/00-intro-mobile/Section1_00060.jpg]
[www.hyperframe.com/assets/img/sequence/00-intro-mobile/Section1_00061.jpg]
[www.hyperframe.com/assets/img/sequence/00-intro-mobile/Section1_00062.jpg]
[www.hyperframe.com/assets/img/sequence/00-intro-mobile/Section1_00063.jpg]
[www.hyperframe.com/assets/img/sequence/00-intro-mobile/Section1_00064.jpg]
[www.hyperframe.com/assets/img/sequence/00-intro-mobile/Section1_00065.jpg]
[www.hyperframe.com/assets/img/sequence/00-intro-mobile/Section1_00066.jpg]
[www.hyperframe.com/assets/img/sequence/00-intro-mobile/Section1_00067.jpg]
[www.hyperframe.com/assets/img/sequence/00-intro-mobile/Section1_00068.jpg]
[www.hyperframe.com/assets/img/sequence/00-intro-mobile/Section1_00069.jpg]
[www.hyperframe.com/assets/img/sequence/00-intro-mobile/Section1_00070.jpg]
[www.hyperframe.com/assets/img/sequence/00-intro-mobile/Section1_00071.jpg]
[www.hyperframe.com/assets/img/sequence/00-intro-mobile/Section1_00072.jpg]
[www.hyperframe.com/assets/img/sequence/00-intro-mobile/Section1_00073.jpg]
[www.hyperframe.com/assets/img/sequence/00-intro-mobile/Section1_00074.jpg]
[www.hyperframe.com/assets/img/sequence/00-intro-mobile/Section1_00075.jpg]
[www.hyperframe.com/assets/img/sequence/00-intro-mobile/Section1_00076.jpg]
[www.hyperframe.com/assets/img/sequence/00-intro-mobile/Section1_00077.jpg]
[www.hyperframe.com/assets/img/sequence/00-intro-mobile/Section1_00078.jpg]
[www.hyperframe.com/assets/img/sequence/00-intro-mobile/Section1_00079.jpg]
[www.hyperframe.com/assets/img/sequence/00-intro-mobile/Section1_00080.jpg]
[www.hyperframe.com/assets/img/sequence/00-intro-mobile/Section1_00081.jpg]
[www.hyperframe.com/assets/img/sequence/00-intro-mobile/Section1_00082.jpg]
[www.hyperframe.com/assets/img/sequence/00-intro-mobile/Section1_00083.jpg]
[www.hyperframe.com/assets/img/sequence/00-intro-mobile/Section1_00084.jpg]
[www.hyperframe.com/assets/img/sequence/00-intro-mobile/Section1_00085.jpg]
[www.hyperframe.com/assets/img/sequence/00-intro-mobile/Section1_00086.jpg]
[www.hyperframe.com/assets/img/sequence/00-intro-mobile/Section1_00087.jpg]
[www.hyperframe.com/assets/img/sequence/00-intro-mobile/Section1_00088.jpg]
[www.hyperframe.com/assets/img/sequence/00-intro-mobile/Section1_00089.jpg]
[www.hyperframe.com/assets/img/sequence/00-intro-mobile/Section1_00090.jpg]
[www.hyperframe.com/assets/img/sequence/00-intro-mobile/Section1_00091.jpg]
[www.hyperframe.com/assets/img/sequence/00-intro-mobile/Section1_00092.jpg]
[www.hyperframe.com/assets/img/sequence/00-intro-mobile/Section1_00093.jpg]
[www.hyperframe.com/assets/img/sequence/00-intro-mobile/Section1_00094.jpg]
[www.hyperframe.com/assets/img/sequence/00-intro-mobile/Section1_00095.jpg]
[www.hyperframe.com/assets/img/sequence/00-intro-mobile/Section1_00096.jpg]
[www.hyperframe.com/assets/img/sequence/00-intro-mobile/Section1_00097.jpg]
[www.hyperframe.com/assets/img/sequence/00-intro-mobile/Section1_00098.jpg]
[www.hyperframe.com/assets/img/sequence/00-intro-mobile/Section1_00099.jpg]
[www.hyperframe.com/assets/img/sequence/00-intro-mobile/Section1_00100.jpg]
[www.hyperframe.com/assets/img/sequence/00-intro-mobile/Section1_00101.jpg]
[www.hyperframe.com/assets/img/sequence/00-intro-mobile/Section1_00102.jpg]
[www.hyperframe.com/assets/img/sequence/00-intro-mobile/Section1_00103.jpg]
[www.hyperframe.com/assets/img/sequence/00-intro-mobile/Section1_00104.jpg]
[www.hyperframe.com/assets/img/sequence/00-intro-mobile/Section1_00105.jpg]
[www.hyperframe.com/assets/img/sequence/00-intro-mobile/Section1_00106.jpg]
[www.hyperframe.com/assets/img/sequence/00-intro-mobile/Section1_00107.jpg]
[www.hyperframe.com/assets/img/sequence/00-intro-mobile/Section1_00108.jpg]
[www.hyperframe.com/assets/img/sequence/00-intro-mobile/Section1_00109.jpg]
[www.hyperframe.com/assets/img/sequence/00-intro-mobile/Section1_00110.jpg]
[www.hyperframe.com/assets/img/sequence/00-intro-mobile/Section1_00111.jpg]
[www.hyperframe.com/assets/img/sequence/00-intro-mobile/Section1_00112.jpg]
[www.hyperframe.com/assets/img/sequence/00-intro-mobile/Section1_00113.jpg]
[www.hyperframe.com/assets/img/sequence/00-intro-mobile/Section1_00114.jpg]
[www.hyperframe.com/assets/img/sequence/00-intro-mobile/Section1_00115.jpg]
[www.hyperframe.com/assets/img/sequence/00-intro-mobile/Section1_00116.jpg]
[www.hyperframe.com/assets/img/sequence/00-intro-mobile/Section1_00117.jpg]
[www.hyperframe.com/assets/img/sequence/00-intro-mobile/Section1_00118.jpg]
[www.hyperframe.com/assets/img/sequence/00-intro-mobile/Section1_00119.jpg]
[www.hyperframe.com/assets/img/sequence/00-intro-mobile/Section1_00120.jpg]
[www.hyperframe.com/assets/img/sequence/00-intro-mobile/Section1_00121.jpg]
[www.hyperframe.com/assets/img/sequence/00-intro-mobile/Section1_00122.jpg]
[www.hyperframe.com/assets/img/sequence/00-intro-mobile/Section1_00123.jpg]
[www.hyperframe.com/assets/img/sequence/00-intro-mobile/Section1_00124.jpg]
[www.hyperframe.com/assets/img/sequence/00-intro-mobile/Section1_00125.jpg]
[www.hyperframe.com/assets/img/sequence/00-intro-mobile/Section1_00126.jpg]
[www.hyperframe.com/assets/img/sequence/00-intro-mobile/Section1_00127.jpg]
[www.hyperframe.com/assets/img/sequence/00-intro-mobile/Section1_00128.jpg]
[www.hyperframe.com/assets/img/sequence/00-intro-mobile/Section1_00129.jpg]
[www.hyperframe.com/assets/img/sequence/00-intro-mobile/Section1_00130.jpg]
[www.hyperframe.com/assets/img/sequence/00-intro-mobile/Section1_00131.jpg]
[www.hyperframe.com/assets/img/sequence/00-intro-mobile/Section1_00132.jpg]
[www.hyperframe.com/assets/img/sequence/00-intro-mobile/Section1_00133.jpg]
[www.hyperframe.com/assets/img/sequence/00-intro-mobile/Section1_00134.jpg]
[www.hyperframe.com/assets/img/sequence/00-intro-mobile/Section1_00135.jpg]
[www.hyperframe.com/assets/img/sequence/00-intro-mobile/Section1_00136.jpg]
[www.hyperframe.com/assets/img/sequence/00-intro-mobile/Section1_00137.jpg]
[www.hyperframe.com/assets/img/sequence/00-intro-mobile/Section1_00138.jpg]
[www.hyperframe.com/assets/img/sequence/00-intro-mobile/Section1_00139.jpg]
[www.hyperframe.com/assets/img/sequence/00-intro-mobile/Section1_00140.jpg]
[www.hyperframe.com/assets/img/sequence/00-intro-mobile/Section1_00141.jpg]
[www.hyperframe.com/assets/img/sequence/00-intro-mobile/Section1_00142.jpg]
[www.hyperframe.com/assets/img/sequence/00-intro-mobile/Section1_00143.jpg]
[www.hyperframe.com/assets/img/sequence/00-intro-mobile/Section1_00144.jpg]
[www.hyperframe.com/assets/img/sequence/00-intro-mobile/Section1_00145.jpg]
[www.hyperframe.com/assets/img/sequence/00-intro-mobile/Section1_00146.jpg]
[www.hyperframe.com/assets/img/sequence/00-intro-mobile/Section1_00147.jpg]
[www.hyperframe.com/assets/img/sequence/00-intro-mobile/Section1_00148.jpg]
[www.hyperframe.com/assets/img/sequence/00-intro-mobile/Section1_00149.jpg]
[www.hyperframe.com/assets/img/sequence/00-intro-mobile/Section1_00150.jpg]
[www.hyperframe.com/assets/img/sequence/00-intro-mobile/Section1_00151.jpg]
[www.hyperframe.com/assets/img/sequence/00-intro-mobile/Section1_00152.jpg]
[www.hyperframe.com/assets/img/sequence/00-intro-mobile/Section1_00153.jpg]
[www.hyperframe.com/assets/img/sequence/00-intro-mobile/Section1_00154.jpg]
[www.hyperframe.com/assets/img/sequence/00-intro-mobile/Section1_00155.jpg]
[www.hyperframe.com/assets/img/sequence/00-intro-mobile/Section1_00156.jpg]
[www.hyperframe.com/assets/img/sequence/00-intro-mobile/Section1_00157.jpg]
[www.hyperframe.com/assets/img/sequence/00-intro-mobile/Section1_00158.jpg]
[www.hyperframe.com/assets/img/sequence/00-intro-mobile/Section1_00159.jpg]
[www.hyperframe.com/assets/img/sequence/00-intro-mobile/Section1_00160.jpg]
[www.hyperframe.com/assets/img/sequence/00-intro-mobile/Section1_00161.jpg]
[www.hyperframe.com/assets/img/sequence/00-intro-mobile/Section1_00162.jpg]
[www.hyperframe.com/assets/img/sequence/00-intro-mobile/Section1_00163.jpg]
[www.hyperframe.com/assets/img/sequence/00-intro-mobile/Section1_00164.jpg]
[www.hyperframe.com/assets/img/sequence/00-intro-mobile/Section1_00165.jpg]
[www.hyperframe.com/assets/img/sequence/00-intro-mobile/Section1_00166.jpg]
[www.hyperframe.com/assets/img/sequence/00-intro-mobile/Section1_00167.jpg]
[www.hyperframe.com/assets/img/sequence/00-intro-mobile/Section1_00168.jpg]
[www.hyperframe.com/assets/img/sequence/00-intro-mobile/Section1_00169.jpg]
[www.hyperframe.com/assets/img/sequence/00-intro-mobile/Section1_00170.jpg]
[www.hyperframe.com/assets/img/sequence/00-intro-mobile/Section1_00171.jpg]
[www.hyperframe.com/assets/img/sequence/00-intro-mobile/Section1_00172.jpg]
[www.hyperframe.com/assets/img/sequence/00-intro-mobile/Section1_00173.jpg]
[www.hyperframe.com/assets/img/sequence/00-intro-mobile/Section1_00174.jpg]
[www.hyperframe.com/assets/img/sequence/00-intro-mobile/Section1_00175.jpg]
[www.hyperframe.com/assets/img/sequence/00-intro-mobile/Section1_00176.jpg]
[www.hyperframe.com/assets/img/sequence/00-intro-mobile/Section1_00177.jpg]
[www.hyperframe.com/assets/img/sequence/00-intro-mobile/Section1_00178.jpg]
[www.hyperframe.com/assets/img/sequence/00-intro-mobile/Section1_00179.jpg]
[www.hyperframe.com/assets/img/sequence/00-intro-mobile/Section1_00180.jpg]
[www.hyperframe.com/assets/img/sequence/00-intro-mobile/Section1_00181.jpg]
[www.hyperframe.com/assets/img/sequence/00-intro-mobile/Section1_00182.jpg]
[www.hyperframe.com/assets/img/sequence/00-intro-mobile/Section1_00183.jpg]
[www.hyperframe.com/assets/img/sequence/00-intro-mobile/Section1_00184.jpg]
[www.hyperframe.com/assets/img/sequence/00-intro-mobile/Section1_00185.jpg]
[www.hyperframe.com/assets/img/sequence/00-intro-mobile/Section1_00186.jpg]
[www.hyperframe.com/assets/img/sequence/00-intro-mobile/Section1_00187.jpg]
[www.hyperframe.com/assets/img/sequence/00-intro-mobile/Section1_00188.jpg]
[www.hyperframe.com/assets/img/sequence/00-intro-mobile/Section1_00189.jpg]
[www.hyperframe.com/assets/img/sequence/00-intro/Section1_00001.jpg]
[www.hyperframe.com/assets/img/sequence/00-intro/Section1_00002.jpg]
[www.hyperframe.com/assets/img/sequence/00-intro/Section1_00003.jpg]
[www.hyperframe.com/assets/img/sequence/00-intro/Section1_00004.jpg]
[www.hyperframe.com/assets/img/sequence/00-intro/Section1_00005.jpg]
[www.hyperframe.com/assets/img/sequence/00-intro/Section1_00006.jpg]
[www.hyperframe.com/assets/img/sequence/00-intro/Section1_00007.jpg]
[www.hyperframe.com/assets/img/sequence/00-intro/Section1_00008.jpg]
[www.hyperframe.com/assets/img/sequence/00-intro/Section1_00009.jpg]
[www.hyperframe.com/assets/img/sequence/00-intro/Section1_00010.jpg]
[www.hyperframe.com/assets/img/sequence/00-intro/Section1_00011.jpg]
[www.hyperframe.com/assets/img/sequence/00-intro/Section1_00012.jpg]
[www.hyperframe.com/assets/img/sequence/00-intro/Section1_00013.jpg]
[www.hyperframe.com/assets/img/sequence/00-intro/Section1_00014.jpg]
[www.hyperframe.com/assets/img/sequence/00-intro/Section1_00015.jpg]
[www.hyperframe.com/assets/img/sequence/00-intro/Section1_00016.jpg]
[www.hyperframe.com/assets/img/sequence/00-intro/Section1_00017.jpg]
[www.hyperframe.com/assets/img/sequence/00-intro/Section1_00018.jpg]
[www.hyperframe.com/assets/img/sequence/00-intro/Section1_00019.jpg]
[www.hyperframe.com/assets/img/sequence/00-intro/Section1_00020.jpg]
[www.hyperframe.com/assets/img/sequence/00-intro/Section1_00021.jpg]
[www.hyperframe.com/assets/img/sequence/00-intro/Section1_00022.jpg]
[www.hyperframe.com/assets/img/sequence/00-intro/Section1_00023.jpg]
[www.hyperframe.com/assets/img/sequence/00-intro/Section1_00024.jpg]
[www.hyperframe.com/assets/img/sequence/00-intro/Section1_00025.jpg]
[www.hyperframe.com/assets/img/sequence/00-intro/Section1_00026.jpg]
[www.hyperframe.com/assets/img/sequence/00-intro/Section1_00027.jpg]
[www.hyperframe.com/assets/img/sequence/00-intro/Section1_00028.jpg]
[www.hyperframe.com/assets/img/sequence/00-intro/Section1_00029.jpg]
[www.hyperframe.com/assets/img/sequence/00-intro/Section1_00030.jpg]
[www.hyperframe.com/assets/img/sequence/00-intro/Section1_00031.jpg]
[www.hyperframe.com/assets/img/sequence/00-intro/Section1_00032.jpg]
[www.hyperframe.com/assets/img/sequence/00-intro/Section1_00033.jpg]
[www.hyperframe.com/assets/img/sequence/00-intro/Section1_00034.jpg]
[www.hyperframe.com/assets/img/sequence/00-intro/Section1_00035.jpg]
[www.hyperframe.com/assets/img/sequence/00-intro/Section1_00036.jpg]
[www.hyperframe.com/assets/img/sequence/00-intro/Section1_00037.jpg]
[www.hyperframe.com/assets/img/sequence/00-intro/Section1_00038.jpg]
[www.hyperframe.com/assets/img/sequence/00-intro/Section1_00039.jpg]
[www.hyperframe.com/assets/img/sequence/00-intro/Section1_00040.jpg]
[www.hyperframe.com/assets/img/sequence/00-intro/Section1_00041.jpg]
[www.hyperframe.com/assets/img/sequence/00-intro/Section1_00042.jpg]
[www.hyperframe.com/assets/img/sequence/00-intro/Section1_00043.jpg]
[www.hyperframe.com/assets/img/sequence/00-intro/Section1_00044.jpg]
[www.hyperframe.com/assets/img/sequence/00-intro/Section1_00045.jpg]
[www.hyperframe.com/assets/img/sequence/00-intro/Section1_00046.jpg]
[www.hyperframe.com/assets/img/sequence/00-intro/Section1_00047.jpg]
[www.hyperframe.com/assets/img/sequence/00-intro/Section1_00048.jpg]
[www.hyperframe.com/assets/img/sequence/00-intro/Section1_00049.jpg]
[www.hyperframe.com/assets/img/sequence/00-intro/Section1_00050.jpg]
[www.hyperframe.com/assets/img/sequence/00-intro/Section1_00051.jpg]
[www.hyperframe.com/assets/img/sequence/00-intro/Section1_00052.jpg]
[www.hyperframe.com/assets/img/sequence/00-intro/Section1_00053.jpg]
[www.hyperframe.com/assets/img/sequence/00-intro/Section1_00054.jpg]
[www.hyperframe.com/assets/img/sequence/00-intro/Section1_00055.jpg]
[www.hyperframe.com/assets/img/sequence/00-intro/Section1_00056.jpg]
[www.hyperframe.com/assets/img/sequence/00-intro/Section1_00057.jpg]
[www.hyperframe.com/assets/img/sequence/00-intro/Section1_00058.jpg]
[www.hyperframe.com/assets/img/sequence/00-intro/Section1_00059.jpg]
[www.hyperframe.com/assets/img/sequence/00-intro/Section1_00060.jpg]
[www.hyperframe.com/assets/img/sequence/00-intro/Section1_00061.jpg]
[www.hyperframe.com/assets/img/sequence/00-intro/Section1_00062.jpg]
[www.hyperframe.com/assets/img/sequence/00-intro/Section1_00063.jpg]
[www.hyperframe.com/assets/img/sequence/00-intro/Section1_00064.jpg]
[www.hyperframe.com/assets/img/sequence/00-intro/Section1_00065.jpg]
[www.hyperframe.com/assets/img/sequence/00-intro/Section1_00066.jpg]
[www.hyperframe.com/assets/img/sequence/00-intro/Section1_00067.jpg]
[www.hyperframe.com/assets/img/sequence/00-intro/Section1_00068.jpg]
[www.hyperframe.com/assets/img/sequence/00-intro/Section1_00069.jpg]
[www.hyperframe.com/assets/img/sequence/00-intro/Section1_00070.jpg]
[www.hyperframe.com/assets/img/sequence/00-intro/Section1_00071.jpg]
[www.hyperframe.com/assets/img/sequence/00-intro/Section1_00072.jpg]
[www.hyperframe.com/assets/img/sequence/00-intro/Section1_00073.jpg]
[www.hyperframe.com/assets/img/sequence/00-intro/Section1_00074.jpg]
[www.hyperframe.com/assets/img/sequence/00-intro/Section1_00075.jpg]
[www.hyperframe.com/assets/img/sequence/00-intro/Section1_00076.jpg]
[www.hyperframe.com/assets/img/sequence/00-intro/Section1_00077.jpg]
[www.hyperframe.com/assets/img/sequence/00-intro/Section1_00078.jpg]
[www.hyperframe.com/assets/img/sequence/00-intro/Section1_00079.jpg]
[www.hyperframe.com/assets/img/sequence/00-intro/Section1_00080.jpg]
[www.hyperframe.com/assets/img/sequence/00-intro/Section1_00081.jpg]
[www.hyperframe.com/assets/img/sequence/00-intro/Section1_00082.jpg]
[www.hyperframe.com/assets/img/sequence/00-intro/Section1_00083.jpg]
[www.hyperframe.com/assets/img/sequence/00-intro/Section1_00084.jpg]
[www.hyperframe.com/assets/img/sequence/00-intro/Section1_00085.jpg]
[www.hyperframe.com/assets/img/sequence/00-intro/Section1_00086.jpg]
[www.hyperframe.com/assets/img/sequence/00-intro/Section1_00087.jpg]
[www.hyperframe.com/assets/img/sequence/00-intro/Section1_00088.jpg]
[www.hyperframe.com/assets/img/sequence/00-intro/Section1_00089.jpg]
[www.hyperframe.com/assets/img/sequence/00-intro/Section1_00090.jpg]
[www.hyperframe.com/assets/img/sequence/00-intro/Section1_00091.jpg]
[www.hyperframe.com/assets/img/sequence/00-intro/Section1_00092.jpg]
[www.hyperframe.com/assets/img/sequence/00-intro/Section1_00093.jpg]
[www.hyperframe.com/assets/img/sequence/00-intro/Section1_00094.jpg]
[www.hyperframe.com/assets/img/sequence/00-intro/Section1_00095.jpg]
[www.hyperframe.com/assets/img/sequence/00-intro/Section1_00096.jpg]
[www.hyperframe.com/assets/img/sequence/00-intro/Section1_00097.jpg]
[www.hyperframe.com/assets/img/sequence/00-intro/Section1_00098.jpg]
[www.hyperframe.com/assets/img/sequence/00-intro/Section1_00099.jpg]
[www.hyperframe.com/assets/img/sequence/00-intro/Section1_00100.jpg]
[www.hyperframe.com/assets/img/sequence/00-intro/Section1_00101.jpg]
[www.hyperframe.com/assets/img/sequence/00-intro/Section1_00102.jpg]
[www.hyperframe.com/assets/img/sequence/00-intro/Section1_00103.jpg]
[www.hyperframe.com/assets/img/sequence/00-intro/Section1_00104.jpg]
[www.hyperframe.com/assets/img/sequence/00-intro/Section1_00105.jpg]
[www.hyperframe.com/assets/img/sequence/00-intro/Section1_00106.jpg]
[www.hyperframe.com/assets/img/sequence/00-intro/Section1_00107.jpg]
[www.hyperframe.com/assets/img/sequence/00-intro/Section1_00108.jpg]
[www.hyperframe.com/assets/img/sequence/00-intro/Section1_00109.jpg]
[www.hyperframe.com/assets/img/sequence/00-intro/Section1_00110.jpg]
[www.hyperframe.com/assets/img/sequence/00-intro/Section1_00111.jpg]
[www.hyperframe.com/assets/img/sequence/00-intro/Section1_00112.jpg]
[www.hyperframe.com/assets/img/sequence/00-intro/Section1_00113.jpg]
[www.hyperframe.com/assets/img/sequence/00-intro/Section1_00114.jpg]
[www.hyperframe.com/assets/img/sequence/00-intro/Section1_00115.jpg]
[www.hyperframe.com/assets/img/sequence/00-intro/Section1_00116.jpg]
[www.hyperframe.com/assets/img/sequence/00-intro/Section1_00117.jpg]
[www.hyperframe.com/assets/img/sequence/00-intro/Section1_00118.jpg]
[www.hyperframe.com/assets/img/sequence/00-intro/Section1_00119.jpg]
[www.hyperframe.com/assets/img/sequence/00-intro/Section1_00120.jpg]
[www.hyperframe.com/assets/img/sequence/00-intro/Section1_00121.jpg]
[www.hyperframe.com/assets/img/sequence/00-intro/Section1_00122.jpg]
[www.hyperframe.com/assets/img/sequence/00-intro/Section1_00123.jpg]
[www.hyperframe.com/assets/img/sequence/00-intro/Section1_00124.jpg]
[www.hyperframe.com/assets/img/sequence/00-intro/Section1_00125.jpg]
[www.hyperframe.com/assets/img/sequence/00-intro/Section1_00126.jpg]
[www.hyperframe.com/assets/img/sequence/00-intro/Section1_00127.jpg]
[www.hyperframe.com/assets/img/sequence/00-intro/Section1_00128.jpg]
[www.hyperframe.com/assets/img/sequence/00-intro/Section1_00129.jpg]
[www.hyperframe.com/assets/img/sequence/00-intro/Section1_00130.jpg]
[www.hyperframe.com/assets/img/sequence/00-intro/Section1_00131.jpg]
[www.hyperframe.com/assets/img/sequence/00-intro/Section1_00132.jpg]
[www.hyperframe.com/assets/img/sequence/00-intro/Section1_00133.jpg]
[www.hyperframe.com/assets/img/sequence/00-intro/Section1_00134.jpg]
[www.hyperframe.com/assets/img/sequence/00-intro/Section1_00135.jpg]
[www.hyperframe.com/assets/img/sequence/00-intro/Section1_00136.jpg]
[www.hyperframe.com/assets/img/sequence/00-intro/Section1_00137.jpg]
[www.hyperframe.com/assets/img/sequence/00-intro/Section1_00138.jpg]
[www.hyperframe.com/assets/img/sequence/00-intro/Section1_00139.jpg]
[www.hyperframe.com/assets/img/sequence/00-intro/Section1_00140.jpg]
[www.hyperframe.com/assets/img/sequence/00-intro/Section1_00141.jpg]
[www.hyperframe.com/assets/img/sequence/00-intro/Section1_00142.jpg]
[www.hyperframe.com/assets/img/sequence/00-intro/Section1_00143.jpg]
[www.hyperframe.com/assets/img/sequence/00-intro/Section1_00144.jpg]
[www.hyperframe.com/assets/img/sequence/00-intro/Section1_00145.html]
[www.hyperframe.com/index.html]
[www.hyperframe.com/css/home/homec43a.css]
[www.hyperframe.com/installation/index.html]
[www.hyperframe.com/about/index.html]
